sys.version_info(major=3, minor=6, micro=0, releaselevel='final', serial=0)
----- PARAMETERS -----
DETERMINISTIC: 1
DemandIntercept: 300
EnableProfiling: False
FixedCostOfImitation: 50
FixedCostOfInnovation: 100
FixedProductionCost: 200
InitialAttractionForImitation: 10
InitialAttractionForInnovation: 10
InitialAttractionForNoResearch: 10
InitialAttractionForResearch: 10
LogLevel: {'Console': ['INFO'], 'File': ['INFO']}
MaxMagnituteOfChangeInTechEnv: 16
MeanMarketSize: 4
MinMarketSize: 0.1
NumberOfParallelProcesses: 72
NumberOfPotentialEntrants: 40
NumberOfSimulations: 1
NumberOfTasks: 96
PeriodOfHalfTurn: 500
PeriodStartOfTechChange: 0
PeriodsOfConstantDemand: 2000
RateOfChangeInTechEnv: 0.2
RateOfMeanMarketSizeGrowth: 0
RateOfPersistenceInDemand: 0.97
STOCHASTIC: 0
StartupWealth: 0
ThresholdNetWealthForSurvival: 0
TimeHorizon: 5000
TypeOfCycle: None
WaveAmplitude: 2

Executing 1 simulations

[SIM 1] STARTING SIMULATION
[SIM 1][PERIOD 1] --------------------- PROCESSING PERIOD ---------------------
[SIM 1][PERIOD 2] --------------------- PROCESSING PERIOD ---------------------
[SIM 1][PERIOD 3] --------------------- PROCESSING PERIOD ---------------------
[SIM 1][PERIOD 4] --------------------- PROCESSING PERIOD ---------------------
[SIM 1][PERIOD 5] --------------------- PROCESSING PERIOD ---------------------
[SIM 1][PERIOD 6] --------------------- PROCESSING PERIOD ---------------------
[SIM 1][PERIOD 7] --------------------- PROCESSING PERIOD ---------------------
[SIM 1][PERIOD 8] --------------------- PROCESSING PERIOD ---------------------
[SIM 1][PERIOD 9] --------------------- PROCESSING PERIOD ---------------------
[SIM 1][PERIOD 10] --------------------- PROCESSING PERIOD ---------------------
[SIM 1][PERIOD 11] --------------------- PROCESSING PERIOD ---------------------
[SIM 1][PERIOD 12] --------------------- PROCESSING PERIOD ---------------------
[SIM 1][PERIOD 13] --------------------- PROCESSING PERIOD ---------------------
[SIM 1][PERIOD 14] --------------------- PROCESSING PERIOD ---------------------
[SIM 1][PERIOD 15] --------------------- PROCESSING PERIOD ---------------------
[SIM 1][PERIOD 16] --------------------- PROCESSING PERIOD ---------------------
[SIM 1][PERIOD 17] --------------------- PROCESSING PERIOD ---------------------
[SIM 1][PERIOD 18] --------------------- PROCESSING PERIOD ---------------------
[SIM 1][PERIOD 19] --------------------- PROCESSING PERIOD ---------------------
[SIM 1][PERIOD 20] --------------------- PROCESSING PERIOD ---------------------
[SIM 1][PERIOD 21] --------------------- PROCESSING PERIOD ---------------------
[SIM 1][PERIOD 22] --------------------- PROCESSING PERIOD ---------------------
Error
Traceback (most recent call last):
  File "/Users/jdimas/GitHub/ACEModel/Simulation.py", line 22, in runSimulation
    industry.processPeriod()
  File "/Users/jdimas/GitHub/ACEModel/model/industry.py", line 39, in processPeriod
    self.updateActiveIncumbents()
  File "/Users/jdimas/GitHub/ACEModel/model/industry.py", line 197, in updateActiveIncumbents
    firm.updateProfits()
  File "/Users/jdimas/GitHub/ACEModel/model/firm.py", line 54, in updateProfits
    assert self.profits == self.output ** 2 / self.industry.demand.marketSize - Parameters.FixedProductionCost
AssertionError
Error
multiprocessing.pool.RemoteTraceback: 
"""
Traceback (most recent call last):
  File "/Library/Frameworks/Python.framework/Versions/3.6/lib/python3.6/multiprocessing/pool.py", line 119, in worker
    result = (True, func(*args, **kwds))
  File "/Users/jdimas/GitHub/ACEModel/Simulation.py", line 34, in runSimulation
    raise e
  File "/Users/jdimas/GitHub/ACEModel/Simulation.py", line 22, in runSimulation
    industry.processPeriod()
  File "/Users/jdimas/GitHub/ACEModel/model/industry.py", line 39, in processPeriod
    self.updateActiveIncumbents()
  File "/Users/jdimas/GitHub/ACEModel/model/industry.py", line 197, in updateActiveIncumbents
    firm.updateProfits()
  File "/Users/jdimas/GitHub/ACEModel/model/firm.py", line 54, in updateProfits
    assert self.profits == self.output ** 2 / self.industry.demand.marketSize - Parameters.FixedProductionCost
AssertionError
"""

The above exception was the direct cause of the following exception:

Traceback (most recent call last):
  File "/Users/jdimas/GitHub/ACEModel/Simulation.py", line 62, in <module>
    multiAggregateData.addListOfResults(listOfResults) # Add result to the aggregate list (this will be used to calculate the means)
  File "/Users/jdimas/GitHub/ACEModel/model/aggregate_data.py", line 147, in addListOfResults
    for result in listOfResults:
  File "/Library/Frameworks/Python.framework/Versions/3.6/lib/python3.6/multiprocessing/pool.py", line 699, in next
    raise value
AssertionError
